<html>
<body>
<pre>
<h1>µVision Build Log</h1>
<h2>Tool Versions:</h2>
IDE-Version: µVision V5.22.0.0
Copyright (C) 2016 ARM Ltd and ARM Germany GmbH. All rights reserved.
License Information: Drew Bell, Stanford Unviersity, LIC=----
 
Tool Versions:
Toolchain:       MDK-Lite  Version: 5.22
Toolchain Path:  C:\Keil_v5\ARM\ARMCC\Bin
C Compiler:      Armcc.exe V5.06 update 4 (build 422)
Assembler:       Armasm.exe V5.06 update 4 (build 422)
Linker/Locator:  ArmLink.exe V5.06 update 4 (build 422)
Library Manager: ArmAr.exe V5.06 update 4 (build 422)
Hex Converter:   FromElf.exe V5.06 update 4 (build 422)
CPU DLL:         SARMCM3.DLL V5.22
Dialog DLL:      DCM.DLL V1.13.9.0
Target DLL:      lmidk-agdi.dll V???
Dialog DLL:      TCM.DLL V1.21.0.0
 
<h2>Project:</h2>
U:\afbell\My Documents\ME218C Project\ME218CLeftShark\LeftSharkProject\LeftSharkProject.uvprojx
Project File Date:  05/12/2017

<h2>Output:</h2>
*** Using Compiler 'V5.06 update 4 (build 422)', folder: 'C:\Keil_v5\ARM\ARMCC\Bin'
Rebuild target 'BaseFrameworkTarget'
compiling EventCheckers.c...
compiling main.c...
compiling TestHarnessService0.c...
compiling TemplateFSM.c...
compiling RxSM.c...
compiling ES_ShortTimer.c...
compiling MapKeys.c...
assembling startup_rvmdk.S...
compiling ES_LookupTables.c...
compiling ES_CheckEvents.c...
compiling ES_DeferRecall.c...
compiling ES_Framework.c...
compiling HardwareInits.c...
compiling ES_PostList.c...
compiling ES_Port.c...
compiling ES_Queue.c...
compiling ES_Timers.c...
compiling retarget.c...
compiling termio.c...
compiling uartstdio.c...
linking...
Program Size: Code=5522 RO-data=1074 RW-data=64 ZI-data=2368  
After Build - User command #1: fromelf --bin --output .\Outputs\BaseTarget.bin .\Outputs\BaseTarget.axf
".\Outputs\BaseTarget.axf" - 0 Error(s), 0 Warning(s).

<h2>Collection of Component include folders:</h2>
  U:\afbell\My Documents\ME218C Project\ME218CLeftShark\LeftSharkProject\RTE\_BaseFrameworkTarget
  C:\Keil_v5\ARM\PACK\Keil\TM4C_DFP\1.1.0\Device\Include\TM4C123

<h2>Collection of Component Files used:</h2>
Build Time Elapsed:  00:00:07
</pre>
</body>
</html>
